// Jest Snapshot v1, https://goo.gl/fbAQLP

exports[`<Books /> Suite de tests de l'affichage Les livres doivent bien s'afficher 1`] = `
<div
  className="container"
>
  <div
    className="books"
  >
    <div
      className="book"
      key="0"
    >
      <Book
        onClick={[Function]}
        title="The Lord of the Rings"
      />
    </div>
    <div
      className="book"
      key="1"
    >
      <Book
        onClick={[Function]}
        title="Lord of the Rings"
      />
    </div>
    <div
      className="book"
      key="2"
    >
      <Book
        onClick={[Function]}
        title="Lords of the Ring"
      />
    </div>
    <div
      className="book"
      key="3"
    >
      <Book
        onClick={[Function]}
        title="Lord of the Rings"
      />
    </div>
  </div>
</div>
`;
